// Jest Snapshot v1, https://goo.gl/fbAQLP

exports[`Testing AddCategory Component should return AddCategory snapshot 1`] = `
<form
  onSubmit={[Function]}
>
  <p />
  <input
    onChange={[Function]}
    placeholder="Insert new category"
    type="text"
    value=""
  />
</form>
`;
