// Jest Snapshot v1, https://goo.gl/fbAQLP

exports[`Testing <FirstApp /> should show FirstApp correctly 1`] = `
<Fragment>
  <h1>
    Mahara
  </h1>
  <p>
    I am a subtitle
  </p>
</Fragment>
`;
