// Jest Snapshot v1, https://goo.gl/fbAQLP

exports[`Testing <HomeScreen /> should match snapshot 1`] = `
<div>
  <h1>
    HomeScreen
  </h1>
  <hr />
  <pre />
</div>
`;
