// Jest Snapshot v1, https://goo.gl/fbAQLP

exports[`testing TodoList Component shoul return itself matching snapshot 1`] = `
<ul
  className="list-group list-group-flush"
>
  <TodoListItem
    handleDelete={[MockFunction]}
    handleToggle={[MockFunction]}
    index={0}
    key="1"
    todo={
      Object {
        "desc": "testing in react",
        "done": false,
        "id": 1,
      }
    }
  />
  <TodoListItem
    handleDelete={[MockFunction]}
    handleToggle={[MockFunction]}
    index={1}
    key="2"
    todo={
      Object {
        "desc": "learn React",
        "done": false,
        "id": 2,
      }
    }
  />
</ul>
`;
